// Jest Snapshot v1, https://goo.gl/fbAQLP

exports[`<Signin /> renders has one <Button/> 1`] = `
<WithStyles(ForwardRef(Button))
  className="submit"
  color="primary"
  fullWidth={true}
  onClick={[Function]}
  type="submit"
  variant="contained"
>
  Sign In
</WithStyles(ForwardRef(Button))>
`;

exports[`<Signin /> renders has one <Link/> 1`] = `
<WithStyles(ForwardRef(Link))
  href="#"
  onClick={[Function]}
  variant="body2"
>
  Don't have an account? Sign Up
</WithStyles(ForwardRef(Link))>
`;

exports[`<Signin /> renders has two <TextField/> 1`] = `
Array [
  <WithStyles(ForwardRef(TextField))
    autoComplete="email"
    autoFocus={true}
    fullWidth={true}
    id="email"
    label="Email Address"
    margin="normal"
    name="email"
    onChange={[Function]}
    required={true}
    variant="outlined"
  />,
  <WithStyles(ForwardRef(TextField))
    autoComplete="current-password"
    fullWidth={true}
    id="password"
    label="Password"
    margin="normal"
    name="password"
    onChange={[Function]}
    required={true}
    type="password"
    variant="outlined"
  />,
]
`;
